------------------------------------------------------------
TimeQuest Timing Analyzer Summary
------------------------------------------------------------

Type  : Slow Model Setup 'pclk'
Slack : -3.049
TNS   : -55.331

Type  : Slow Model Setup 'CLOCK_50'
Slack : 3.953
TNS   : 0.000

Type  : Slow Model Hold 'CLOCK_50'
Slack : 0.391
TNS   : 0.000

Type  : Slow Model Hold 'pclk'
Slack : 0.543
TNS   : 0.000

Type  : Slow Model Minimum Pulse Width 'CLOCK_50'
Slack : 9.000
TNS   : 0.000

Type  : Slow Model Minimum Pulse Width 'pclk'
Slack : 19.000
TNS   : 0.000

Type  : Fast Model Setup 'pclk'
Slack : 11.299
TNS   : 0.000

Type  : Fast Model Setup 'CLOCK_50'
Slack : 11.390
TNS   : 0.000

Type  : Fast Model Hold 'CLOCK_50'
Slack : 0.215
TNS   : 0.000

Type  : Fast Model Hold 'pclk'
Slack : 0.251
TNS   : 0.000

Type  : Fast Model Minimum Pulse Width 'CLOCK_50'
Slack : 9.000
TNS   : 0.000

Type  : Fast Model Minimum Pulse Width 'pclk'
Slack : 19.000
TNS   : 0.000

------------------------------------------------------------
